func                  call jcc jmp load mul pop push rmw rsp store
aligned_alloc            -   7   -    7   -   2    1   1   1     2
calloc                   1   6   -    7   1   3    3   1   1     2
delete                   -   4   -    5   -   -    -   -   -     3
delete(size)             -   4   -    4   -   -    -   -   -     3
delete(size,align)       -   6   -    5   -   -    -   -   -     3
malloc                   -   5   -    7   -   -    -   1   -     2
new                      -   4   -    6   -   -    -   1   -     2
new(align)               -   6   -    7   -   -    -   1   -     2
new(align)->size         -   6   -    8   -   -    -   1   -     2
new(align,cold)->size    -  13   2   16   -   -    -   2   -     4
new(align,nothrow)       -   6   -    7   -   -    -   1   -     2
new(cold)->size          -   5   -    8   -   -    -   1   -     2
new(nothrow)             -   4   -    6   -   -    -   1   -     2
new->size                -   4   -    7   -   1    1   1   1     2
posix_memalign           -   8   -    7   -   3    3   1   2     3
